---
source: compiler-core/src/erlang/tests/strings.rs
expression: "\npub fn y_with_dieresis() -> String {\n  \"\\u{0308}y\"\n}\n"
---
-module(my@mod).
-compile([no_auto_import, nowarn_unused_vars, nowarn_unused_function]).

-export([y_with_dieresis/0]).

-spec y_with_dieresis() -> binary().
y_with_dieresis() ->
    <<(erlang:binary_to_integer(<<"0308">>, 16))/utf8,"y"/utf8>>.

